[2026-05-21 08:51:44] ✅ 文件已保存：test-final.html
[2026-05-21 08:52:18] 🚀 推送成功！Cloudflare 1分钟内自动上线
[2026-05-21 08:52:18] ========== 部署结束 ==========

[2026-05-21 08:52:19] ✅ 网站验证成功，已上线
File saved: test-deploy.html
Push successful
File saved: test-deploy.html
Error: Command failed: git commit -m "Deploy: test-deploy.html"
File saved: test-deploy2.html
Retry 1/5
Retry 2/5
File saved: test-deploy2.html
Push successful
File saved: test-deploy5.html
Retry 1/5
Retry 2/5
Retry 3/5
Retry 4/5
Retry 5/5
Push failed
